// Jest Snapshot v1, https://goo.gl/fbAQLP

exports[`Welcome UI matches snapshot 1`] = `
<View
  style={
    Object {
      "alignItems": "center",
      "backgroundColor": "#F5FCFF",
      "flex": 1,
      "justifyContent": "center",
    }
  }
>
  <Text
    accessible={true}
    allowFontScaling={true}
    ellipsizeMode="tail"
    style={
      Object {
        "backgroundColor": "transparent",
        "fontFamily": "Avenir Book",
        "fontSize": 20,
        "fontWeight": "900",
        "margin": 10,
        "textAlign": "center",
      }
    }
  >
    Welcome to React Native Scaffolding!
  </Text>
  <Text
    accessible={true}
    allowFontScaling={true}
    ellipsizeMode="tail"
    onPress={[Function]}
    style={
      Object {
        "backgroundColor": "transparent",
        "fontFamily": "Avenir Book",
        "fontSize": 17.5,
        "marginBottom": 5,
        "textAlign": "center",
      }
    }
  >
    Go to my To Do List
  </Text>
</View>
`;
